2026-04-01 09:13:19 [INFO] ============================================================
2026-04-01 09:13:19 [INFO] 程序启动  版本 1.0  日志: E:\F-Study\2025WorkSpace\worktips\file_manager.log
2026-04-01 09:14:23 [INFO] [功能2-预览] 目录=E:/【留存】/图/测试  图片数=3  需改=3
2026-04-01 09:14:23 [INFO] 参数已保存: {'t1_dir': '', 't1_x': 2, 't2_dir': 'E:/【留存】/图/测试', 't2_only_changed': True, 'last_run': '2026-04-01 09:14:23'}
2026-04-01 09:14:30 [INFO] [括号重命名] 【CARNEADES】 -エチル、シアン【rurudo】.jpg → 【CARNEADES】【rurudo】 -エチル、シアン.jpg
2026-04-01 09:14:30 [INFO] [括号重命名] 【CARNEADES】 -ノア、ハツネ【rurudo】.jpg → 【CARNEADES】【rurudo】 -ノア、ハツネ.jpg
2026-04-01 09:14:30 [INFO] [括号重命名] 【CARNEADES】- ジェーン・ドゥ、リリス【rurudo】.jpg → 【CARNEADES】【rurudo】- ジェーン・ドゥ、リリス.jpg
2026-04-01 09:14:31 [INFO] [功能2-执行] 目录=E:/【留存】/图/测试  成功=3  失败=0
2026-04-01 09:14:31 [INFO] [功能2-预览] 目录=E:/【留存】/图/测试  图片数=3  需改=0
2026-04-01 09:14:31 [INFO] 参数已保存: {'t1_dir': '', 't1_x': 2, 't2_dir': 'E:/【留存】/图/测试', 't2_only_changed': True, 'last_run': '2026-04-01 09:14:31'}
2026-04-01 09:15:30 [INFO] [功能2-预览] 目录=E:/【留存】/图/OC  图片数=210  需改=71
2026-04-01 09:15:30 [INFO] 参数已保存: {'t1_dir': '', 't1_x': 2, 't2_dir': 'E:/【留存】/图/OC', 't2_only_changed': True, 'last_run': '2026-04-01 09:15:30'}
2026-04-01 09:16:45 [INFO] [括号重命名] 01【ふあゆ】.jpg → 【ふあゆ】01.jpg
2026-04-01 09:16:45 [INFO] [括号重命名] 2025.7.1-1【-Inoriac-】.png → 【-Inoriac-】2025.7.1-1.png
2026-04-01 09:16:45 [INFO] [括号重命名] 2025.7.1-2【-Inoriac-】.png → 【-Inoriac-】2025.7.1-2.png
2026-04-01 09:16:45 [INFO] [括号重命名] 2026新年【lack】.jpg → 【lack】2026新年.jpg
2026-04-01 09:16:45 [INFO] [括号重命名] 2026新年【たかなし つか】.jpg → 【たかなし つか】2026新年.jpg
2026-04-01 09:16:45 [INFO] [括号重命名] 2026新年【天三月】.jpg → 【天三月】2026新年.jpg
2026-04-01 09:16:45 [INFO] [括号重命名] 2026新年【赤倉】.jpg → 【赤倉】2026新年.jpg
2026-04-01 09:16:45 [INFO] [括号重命名] amiya【-Inoriac-】.png → 【-Inoriac-】amiya.png
2026-04-01 09:16:45 [INFO] [括号重命名] cm【崛尺】.jpg → 【崛尺】cm.jpg
2026-04-01 09:16:45 [INFO] [括号重命名] comitia1【雪子】.jpg → 【雪子】comitia1.jpg
2026-04-01 09:16:45 [INFO] [括号重命名] comitia2【雪子】.jpg → 【雪子】comitia2.jpg
2026-04-01 09:16:45 [INFO] [括号重命名] HB to yuki【ngtitgn3】.png → 【ngtitgn3】HB to yuki.png
2026-04-01 09:16:45 [INFO] [括号重命名] nekojira-001【貓鯨】.jpg → 【貓鯨】nekojira-001.jpg
2026-04-01 09:16:45 [INFO] [括号重命名] nekojira-02【貓鯨】.jpg → 【貓鯨】nekojira-02.jpg
2026-04-01 09:16:45 [INFO] [括号重命名] OC【HAZE】.jpg → 【HAZE】OC.jpg
2026-04-01 09:16:45 [INFO] [括号重命名] The Star【Yolanda】.jpg → 【Yolanda】The Star.jpg
2026-04-01 09:16:45 [INFO] [括号重命名] yuri【jk】.jpg → 【jk】yuri.jpg
2026-04-01 09:16:45 [INFO] [括号重命名] yuri【こるせ】.png → 【こるせ】yuri.png
2026-04-01 09:16:45 [INFO] [括号重命名] yuri【夕原】.jpg → 【夕原】yuri.jpg
2026-04-01 09:16:45 [INFO] [括号重命名] yuri【小红书号335599433】.jpg → 【小红书号335599433】yuri.jpg
2026-04-01 09:16:45 [INFO] [括号重命名] yuri【餡実ツキ】.jpg → 【餡実ツキ】yuri.jpg
2026-04-01 09:16:45 [INFO] [括号重命名] yuri【香川悠作】.jpg → 【香川悠作】yuri.jpg
2026-04-01 09:16:45 [INFO] [括号重命名] ☪️【colyba】.jpg → 【colyba】☪️.jpg
2026-04-01 09:16:45 [INFO] [括号重命名] 『メリーバッドエンド百合アンソロジー 上・下』【緜 wata】.jpg → 【緜 wata】『メリーバッドエンド百合アンソロジー 上・下』.jpg
2026-04-01 09:16:45 [INFO] [括号重命名] 【CARNEADES】 -エチル、シアン【rurudo】.jpg → 【CARNEADES】【rurudo】 -エチル、シアン.jpg
2026-04-01 09:16:45 [INFO] [括号重命名] 【CARNEADES】 -ノア、ハツネ【rurudo】.jpg → 【CARNEADES】【rurudo】 -ノア、ハツネ.jpg
2026-04-01 09:16:45 [INFO] [括号重命名] 【CARNEADES】- ジェーン・ドゥ、リリス【rurudo】.jpg → 【CARNEADES】【rurudo】- ジェーン・ドゥ、リリス.jpg
2026-04-01 09:16:45 [INFO] [括号重命名] 【CARNEADES】-エル、イヴ、ルナ【rurudo】.jpg → 【CARNEADES】【rurudo】-エル、イヴ、ルナ.jpg
2026-04-01 09:16:45 [INFO] [括号重命名] 【CARNEADES】-插画01-エル、イヴ【rurudo】.png → 【CARNEADES】【rurudo】-插画01-エル、イヴ.png
2026-04-01 09:16:45 [INFO] [括号重命名] 【CARNEADES】-插画02-エル、イヴ【rurudo】.png → 【CARNEADES】【rurudo】-插画02-エル、イヴ.png
2026-04-01 09:16:45 [INFO] [括号重命名] あし【露沼】.jpg → 【露沼】あし.jpg
2026-04-01 09:16:45 [INFO] [括号重命名] えむねね-pjsk【Calista@emumunen】.jpg → 【Calista@emumunen】えむねね-pjsk.jpg
2026-04-01 09:16:45 [INFO] [括号重命名] おはようございます【keshi】.jpg → 【keshi】おはようございます.jpg
2026-04-01 09:16:45 [INFO] [括号重命名] お母様にはないしょよ【べねぼれ】.jpg → 【べねぼれ】お母様にはないしょよ.jpg
2026-04-01 09:16:45 [INFO] [括号重命名] ほしふれんず【sooon】.jpg → 【sooon】ほしふれんず.jpg
2026-04-01 09:16:45 [INFO] [括号重命名] めっちゃ怖い先輩【神山すむ】.jpg → 【神山すむ】めっちゃ怖い先輩.jpg
2026-04-01 09:16:45 [INFO] [括号重命名] もちもちメイド【天三月】.jpg → 【天三月】もちもちメイド.jpg
2026-04-01 09:16:45 [INFO] [括号重命名] ダウナー女子【稲守竜砂】.jpg → 【稲守竜砂】ダウナー女子.jpg
2026-04-01 09:16:45 [INFO] [括号重命名] ツインテ＆ゴス【稲守竜砂】.jpg → 【稲守竜砂】ツインテ＆ゴス.jpg
2026-04-01 09:16:45 [INFO] [括号重命名] バニー【モ誰】.jpg → 【モ誰】バニー.jpg
2026-04-01 09:16:45 [INFO] [括号重命名] ベッドメイキング【べねぼれ】.jpg → 【べねぼれ】ベッドメイキング.jpg
2026-04-01 09:16:45 [INFO] [括号重命名] 伊芙-兔女郎【rurudo】.jpg → 【rurudo】伊芙-兔女郎.jpg
2026-04-01 09:16:45 [INFO] [括号重命名] 創作ダウナー女子（赤タイツ）【稲守竜砂】.jpg → 【稲守竜砂】創作ダウナー女子（赤タイツ）.jpg
2026-04-01 09:16:45 [INFO] [括号重命名] 女仆yuri【べねぼれ】.jpg → 【べねぼれ】女仆yuri.jpg
2026-04-01 09:16:45 [INFO] [括号重命名] 季【若干爪】.jpg → 【若干爪】季.jpg
2026-04-01 09:16:45 [INFO] [括号重命名] 少し大人な雰囲気で【如月千幸@kisaragichiyuki】.jpg → 【如月千幸@kisaragichiyuki】少し大人な雰囲気で.jpg
2026-04-01 09:16:45 [INFO] [括号重命名] 巫女【Planbi 플랜비】.jpg → 【Planbi 플랜비】巫女.jpg
2026-04-01 09:16:45 [INFO] [括号重命名] 支える【アボガド6】.jpg → 【アボガド6】支える.jpg
2026-04-01 09:16:45 [INFO] [括号重命名] 新年快乐【劉了了_Ale】.jpg → 【劉了了_Ale】新年快乐.jpg
2026-04-01 09:16:45 [INFO] [括号重命名] 无名氏【rurudo】.jpg → 【rurudo】无名氏.jpg
2026-04-01 09:16:45 [INFO] [括号重命名] 書庫の整理【栞しい】.png → 【栞しい】書庫の整理.png
2026-04-01 09:16:45 [INFO] [括号重命名] 枫芋【玉枫】.jpg → 【玉枫】枫芋.jpg
2026-04-01 09:16:45 [INFO] [括号重命名] 栗毛酱【Solarain】.jpg → 【Solarain】栗毛酱.jpg
2026-04-01 09:16:45 [INFO] [括号重命名] 桜色【ももこ】.jpg → 【ももこ】桜色.jpg
2026-04-01 09:16:45 [INFO] [括号重命名] 灯塔水母【拟人】.jpg → 【拟人】灯塔水母.jpg
2026-04-01 09:16:45 [INFO] [括号重命名] 灰宫前辈【神山すむ】.jpg → 【神山すむ】灰宫前辈.jpg
2026-04-01 09:16:45 [INFO] [括号重命名] 灰宫前辈🐺【神山すむ】.jpg → 【神山すむ】灰宫前辈🐺.jpg
2026-04-01 09:16:45 [INFO] [括号重命名] 燕【拟人】.png → 【拟人】燕.png
2026-04-01 09:16:45 [INFO] [括号重命名] 病房yuri【べねぼれ】.png → 【べねぼれ】病房yuri.png
2026-04-01 09:16:45 [INFO] [括号重命名] 白银【こたろう】.jpg → 【こたろう】白银.jpg
2026-04-01 09:16:45 [INFO] [括号重命名] 白银【こたろう】.png → 【こたろう】白银.png
2026-04-01 09:16:45 [INFO] [括号重命名] 管狐【ねこ助】.jpg → 【ねこ助】管狐.jpg
2026-04-01 09:16:45 [INFO] [括号重命名] 羊【拟人】.png → 【拟人】羊.png
2026-04-01 09:16:45 [INFO] [括号重命名] 美【alc】.jpg → 【alc】美.jpg
2026-04-01 09:16:45 [INFO] [括号重命名] 诺娅-初音【rurudo】.jpg → 【rurudo】诺娅-初音.jpg
2026-04-01 09:16:45 [INFO] [括号重命名] 诺娅【rurudo】.jpg → 【rurudo】诺娅.jpg
2026-04-01 09:16:45 [INFO] [括号重命名] 長命巫女服キツネ娘(上位存在姉妹の次女)と義理の息子【lluci】.jpg → 【lluci】長命巫女服キツネ娘(上位存在姉妹の次女)と義理の息子.jpg
2026-04-01 09:16:45 [INFO] [括号重命名] 集合写真の時に声をかけてくれる女の子【まつだひかり】.jpg → 【まつだひかり】集合写真の時に声をかけてくれる女の子.jpg
2026-04-01 09:16:45 [INFO] [括号重命名] 🍬【莓山】.jpg → 【莓山】🍬.jpg
2026-04-01 09:16:45 [INFO] [括号重命名] 💎【梅原生（せい）】.jpg → 【梅原生（せい）】💎.jpg
2026-04-01 09:16:45 [INFO] [括号重命名] 💛🤍【貓鯨@nekojira】.jpg → 【貓鯨@nekojira】💛🤍.jpg
2026-04-01 09:16:46 [INFO] [功能2-执行] 目录=E:/【留存】/图/OC  成功=71  失败=0
2026-04-01 09:16:46 [INFO] [功能2-预览] 目录=E:/【留存】/图/OC  图片数=210  需改=0
2026-04-01 09:16:46 [INFO] 参数已保存: {'t1_dir': '', 't1_x': 2, 't2_dir': 'E:/【留存】/图/OC', 't2_only_changed': True, 'last_run': '2026-04-01 09:16:46'}
2026-04-03 15:10:37 [INFO] ============================================================
2026-04-03 15:10:37 [INFO] 程序启动  版本 1.0  日志: E:\F-Study\2025WorkSpace\worktips\file_manager.log
2026-04-03 15:19:43 [INFO] ============================================================
2026-04-03 15:19:43 [INFO] 程序启动  版本 1.0  日志: E:\F-Study\2025WorkSpace\worktips\file_manager.log
2026-04-03 15:20:07 [INFO] [功能2-预览] 目录=E:/【留存】/图/【未分类】/待重命名/【AIKO(@aikolik)】  模式=to_head  总数=93  需改=0
2026-04-03 15:20:07 [INFO] 参数已保存: {'t1_dir': '', 't1_x': 2, 't2_dir': 'E:/【留存】/图/【未分类】/待重命名/【AIKO(@aikolik)】', 't2_only_changed': True, 'last_run': '2026-04-03 15:20:07', 't2_mode': 'to_head', 't2_img_only': True, 't2_add_text': '', 't2_add_pos': 'head'}
2026-04-03 15:20:21 [INFO] [功能2-预览] 目录=E:/【留存】/图/【未分类】/待重命名/【AIKO(@aikolik)】  模式=delete  总数=93  需改=84
2026-04-03 15:20:21 [INFO] 参数已保存: {'t1_dir': '', 't1_x': 2, 't2_dir': 'E:/【留存】/图/【未分类】/待重命名/【AIKO(@aikolik)】', 't2_only_changed': True, 'last_run': '2026-04-03 15:20:21', 't2_mode': 'delete', 't2_img_only': True, 't2_add_text': '', 't2_add_pos': 'head'}
2026-04-03 15:21:00 [INFO] [删除【】] 【AIKO(@aikolik)】 (10).jpg → (10).jpg
2026-04-03 15:21:00 [INFO] [删除【】] 【AIKO(@aikolik)】 (9).jpg → (9).jpg
2026-04-03 15:21:00 [INFO] [删除【】] 【AIKO(@aikolik)】02.jpg → 02.jpg
2026-04-03 15:21:00 [INFO] [删除【】] 【AIKO(@aikolik)】Afloat-C107.jpg → Afloat-C107.jpg
2026-04-03 15:21:00 [INFO] [删除【】] 【AIKO(@aikolik)】Afloat-装裱.jpg → Afloat-装裱.jpg
2026-04-03 15:21:00 [INFO] [删除【】] 【AIKO(@aikolik)】FGO.jpg → FGO.jpg
2026-04-03 15:21:00 [INFO] [删除【】] 【AIKO(@aikolik)】Hecatia-0.jpg → Hecatia-0.jpg
2026-04-03 15:21:00 [INFO] [删除【】] 【AIKO(@aikolik)】Hecatia-1.jpg → Hecatia-1.jpg
2026-04-03 15:21:00 [INFO] [删除【】] 【AIKO(@aikolik)】Moster 🌟Musume.jpg → Moster 🌟Musume.jpg
2026-04-03 15:21:00 [INFO] [删除【】] 【AIKO(@aikolik)】Niya-01.jpg → Niya-01.jpg
2026-04-03 15:21:00 [INFO] [删除【】] 【AIKO(@aikolik)】Niya-02.jpg → Niya-02.jpg
2026-04-03 15:21:00 [INFO] [删除【】] 【AIKO(@aikolik)】Niya-03.jpg → Niya-03.jpg
2026-04-03 15:21:00 [INFO] [删除【】] 【AIKO(@aikolik)】Niya-刺青.jpg → Niya-刺青.jpg
2026-04-03 15:21:00 [INFO] [删除【】] 【AIKO(@aikolik)】Niya-手办-1.jpg → Niya-手办-1.jpg
2026-04-03 15:21:00 [INFO] [删除【】] 【AIKO(@aikolik)】Niya-手办-2.jpg → Niya-手办-2.jpg
2026-04-03 15:21:00 [INFO] [删除【】] 【AIKO(@aikolik)】Niya-手办-3.jpg → Niya-手办-3.jpg
2026-04-03 15:21:00 [INFO] [删除【】] 【AIKO(@aikolik)】Niya-手办-4.jpg → Niya-手办-4.jpg
2026-04-03 15:21:00 [ERROR] [删除【】] 失败 【AIKO(@aikolik)】Niya.jpg: 目标已存在: E:/【留存】/图/【未分类】/待重命名/【AIKO(@aikolik)】\Niya.jpg
2026-04-03 15:21:00 [INFO] [删除【】] 【AIKO(@aikolik)】Tana-01.jpg → Tana-01.jpg
2026-04-03 15:21:00 [INFO] [删除【】] 【AIKO(@aikolik)】Tana-02.jpg → Tana-02.jpg
2026-04-03 15:21:00 [INFO] [删除【】] 【AIKO(@aikolik)】Tana-03.jpg → Tana-03.jpg
2026-04-03 15:21:00 [INFO] [删除【】] 【AIKO(@aikolik)】Tana-04.jpg → Tana-04.jpg
2026-04-03 15:21:00 [INFO] [删除【】] 【AIKO(@aikolik)】Tana-05.jpg → Tana-05.jpg
2026-04-03 15:21:00 [INFO] [删除【】] 【AIKO(@aikolik)】Tana-06.jpg → Tana-06.jpg
2026-04-03 15:21:00 [INFO] [删除【】] 【AIKO(@aikolik)】Tana-07.jpg → Tana-07.jpg
2026-04-03 15:21:00 [INFO] [删除【】] 【AIKO(@aikolik)】Tana-08.jpg → Tana-08.jpg
2026-04-03 15:21:00 [INFO] [删除【】] 【AIKO(@aikolik)】Tana-09.jpg → Tana-09.jpg
2026-04-03 15:21:00 [INFO] [删除【】] 【AIKO(@aikolik)】Tana-10.jpg → Tana-10.jpg
2026-04-03 15:21:00 [INFO] [删除【】] 【AIKO(@aikolik)】Tana-11.jpg → Tana-11.jpg
2026-04-03 15:21:00 [INFO] [删除【】] 【AIKO(@aikolik)】Tana-12.jpg → Tana-12.jpg
2026-04-03 15:21:00 [INFO] [删除【】] 【AIKO(@aikolik)】Tana-13.jpg → Tana-13.jpg
2026-04-03 15:21:00 [INFO] [删除【】] 【AIKO(@aikolik)】Tana14-17岁.jpg → Tana14-17岁.jpg
2026-04-03 15:21:00 [INFO] [删除【】] 【AIKO(@aikolik)】Taya-和服.jpg → Taya-和服.jpg
2026-04-03 15:21:00 [INFO] [删除【】] 【AIKO(@aikolik)】Taya-恶魔.jpg → Taya-恶魔.jpg
2026-04-03 15:21:00 [INFO] [删除【】] 【AIKO(@aikolik)】_2518.jpg → _2518.jpg
2026-04-03 15:21:00 [INFO] [删除【】] 【AIKO(@aikolik)】_3085.jpg → _3085.jpg
2026-04-03 15:21:00 [INFO] [删除【】] 【AIKO(@aikolik)】_3613.jpg → _3613.jpg
2026-04-03 15:21:00 [INFO] [删除【】] 【AIKO(@aikolik)】_4010.jpg → _4010.jpg
2026-04-03 15:21:00 [INFO] [删除【】] 【AIKO(@aikolik)】_4142.jpg → _4142.jpg
2026-04-03 15:21:00 [INFO] [删除【】] 【AIKO(@aikolik)】_4403.jpg → _4403.jpg
2026-04-03 15:21:00 [INFO] [删除【】] 【AIKO(@aikolik)】_4887.jpg → _4887.jpg
2026-04-03 15:21:00 [INFO] [删除【】] 【AIKO(@aikolik)】_4916.jpg → _4916.jpg
2026-04-03 15:21:00 [INFO] [删除【】] 【AIKO(@aikolik)】_5035.jpg → _5035.jpg
2026-04-03 15:21:00 [INFO] [删除【】] 【AIKO(@aikolik)】_5309.jpg → _5309.jpg
2026-04-03 15:21:00 [INFO] [删除【】] 【AIKO(@aikolik)】_5400.jpg → _5400.jpg
2026-04-03 15:21:00 [INFO] [删除【】] 【AIKO(@aikolik)】_5407.jpg → _5407.jpg
2026-04-03 15:21:00 [INFO] [删除【】] 【AIKO(@aikolik)】_5633.jpg → _5633.jpg
2026-04-03 15:21:00 [INFO] [删除【】] 【AIKO(@aikolik)】_5736.jpg → _5736.jpg
2026-04-03 15:21:00 [INFO] [删除【】] 【AIKO(@aikolik)】_6041.jpg → _6041.jpg
2026-04-03 15:21:00 [INFO] [删除【】] 【AIKO(@aikolik)】_6072.jpg → _6072.jpg
2026-04-03 15:21:00 [INFO] [删除【】] 【AIKO(@aikolik)】_6088.jpg → _6088.jpg
2026-04-03 15:21:00 [INFO] [删除【】] 【AIKO(@aikolik)】_6699.jpg → _6699.jpg
2026-04-03 15:21:00 [INFO] [删除【】] 【AIKO(@aikolik)】_6774.jpg → _6774.jpg
2026-04-03 15:21:00 [INFO] [删除【】] 【AIKO(@aikolik)】_6850.jpg → _6850.jpg
2026-04-03 15:21:00 [INFO] [删除【】] 【AIKO(@aikolik)】_7232.jpg → _7232.jpg
2026-04-03 15:21:00 [INFO] [删除【】] 【AIKO(@aikolik)】_7258.jpg → _7258.jpg
2026-04-03 15:21:00 [INFO] [删除【】] 【AIKO(@aikolik)】_7817.jpg → _7817.jpg
2026-04-03 15:21:00 [INFO] [删除【】] 【AIKO(@aikolik)】_7827.jpg → _7827.jpg
2026-04-03 15:21:00 [INFO] [删除【】] 【AIKO(@aikolik)】_8198.jpg → _8198.jpg
2026-04-03 15:21:00 [INFO] [删除【】] 【AIKO(@aikolik)】_8308.jpg → _8308.jpg
2026-04-03 15:21:00 [INFO] [删除【】] 【AIKO(@aikolik)】_8802.jpg → _8802.jpg
2026-04-03 15:21:00 [INFO] [删除【】] 【AIKO(@aikolik)】_8868.jpg → _8868.jpg
2026-04-03 15:21:00 [INFO] [删除【】] 【AIKO(@aikolik)】_9030.jpg → _9030.jpg
2026-04-03 15:21:00 [INFO] [删除【】] 【AIKO(@aikolik)】_9195.jpg → _9195.jpg
2026-04-03 15:21:00 [INFO] [删除【】] 【AIKO(@aikolik)】_9553.jpg → _9553.jpg
2026-04-03 15:21:00 [INFO] [删除【】] 【AIKO(@aikolik)】_9627.jpg → _9627.jpg
2026-04-03 15:21:00 [INFO] [删除【】] 【AIKO(@aikolik)】_9650.jpg → _9650.jpg
2026-04-03 15:21:00 [INFO] [删除【】] 【AIKO(@aikolik)】_9684.jpg → _9684.jpg
2026-04-03 15:21:00 [INFO] [删除【】] 【AIKO(@aikolik)】お嬢様頭脳戦.jpg → お嬢様頭脳戦.jpg
2026-04-03 15:21:00 [INFO] [删除【】] 【AIKO(@aikolik)】パトリツィア.jpg → パトリツィア.jpg
2026-04-03 15:21:00 [INFO] [删除【】] 【AIKO(@aikolik)】夜羽咲クロネ.jpg → 夜羽咲クロネ.jpg
2026-04-03 15:21:00 [INFO] [删除【】] 【AIKO(@aikolik)】宝钟玛琳-1.jpg → 宝钟玛琳-1.jpg
2026-04-03 15:21:00 [INFO] [删除【】] 【AIKO(@aikolik)】宝钟玛琳-2.jpg → 宝钟玛琳-2.jpg
2026-04-03 15:21:00 [INFO] [删除【】] 【AIKO(@aikolik)】确捷.jpg → 确捷.jpg
2026-04-03 15:21:00 [INFO] [删除【】] 【AIKO(@aikolik)】逢坂大河.jpg → 逢坂大河.jpg
2026-04-03 15:21:00 [INFO] [删除【】] 【AIKO(@aikolik)】？.jpg → ？.jpg
2026-04-03 15:21:00 [INFO] [删除【】] 【AIKO(@aikolik)】🐻😇.jpg → 🐻😇.jpg
2026-04-03 15:21:01 [INFO] [功能2-执行] 目录=E:/【留存】/图/【未分类】/待重命名/【AIKO(@aikolik)】  模式=delete  成功=76  失败=1
2026-04-03 15:21:02 [INFO] [功能2-预览] 目录=E:/【留存】/图/【未分类】/待重命名/【AIKO(@aikolik)】  模式=delete  总数=93  需改=8
2026-04-03 15:21:02 [INFO] 参数已保存: {'t1_dir': '', 't1_x': 2, 't2_dir': 'E:/【留存】/图/【未分类】/待重命名/【AIKO(@aikolik)】', 't2_only_changed': True, 'last_run': '2026-04-03 15:21:02', 't2_mode': 'delete', 't2_img_only': True, 't2_add_text': '', 't2_add_pos': 'head'}
2026-04-03 15:49:20 [INFO] ============================================================
2026-04-03 15:49:20 [INFO] 程序启动  版本 1.0  日志: E:\F-Study\2025WorkSpace\worktips\file_manager.log
2026-04-03 15:49:32 [INFO] [功能2-预览] 目录=E:/【留存】/图/【未分类】/待重命名/【moshimoshibe(@moshimoshibe)】  模式=delete  总数=111  需改=111
2026-04-03 15:49:32 [INFO] 参数已保存: {'t1_dir': '', 't1_x': 2, 't2_dir': 'E:/【留存】/图/【未分类】/待重命名/【moshimoshibe(@moshimoshibe)】', 't2_only_changed': True, 'last_run': '2026-04-03 15:49:32', 't2_mode': 'delete', 't2_img_only': True, 't2_add_text': '', 't2_add_pos': 'head'}
2026-04-03 15:49:47 [WARNING] [删除【】] 跳过（结果为空）: 【moshimoshibe(@moshimoshibe)】.jpg
2026-04-03 15:49:47 [INFO] [删除【】] 【moshimoshibe(@moshimoshibe)】_100.jpg → _100.jpg
2026-04-03 15:49:47 [INFO] [删除【】] 【moshimoshibe(@moshimoshibe)】_101.jpg → _101.jpg
2026-04-03 15:49:47 [INFO] [删除【】] 【moshimoshibe(@moshimoshibe)】_103.jpg → _103.jpg
2026-04-03 15:49:47 [INFO] [删除【】] 【moshimoshibe(@moshimoshibe)】_104.jpg → _104.jpg
2026-04-03 15:49:47 [INFO] [删除【】] 【moshimoshibe(@moshimoshibe)】_105.jpg → _105.jpg
2026-04-03 15:49:47 [INFO] [删除【】] 【moshimoshibe(@moshimoshibe)】_106.jpg → _106.jpg
2026-04-03 15:49:47 [INFO] [删除【】] 【moshimoshibe(@moshimoshibe)】_107.jpg → _107.jpg
2026-04-03 15:49:47 [INFO] [删除【】] 【moshimoshibe(@moshimoshibe)】_108.jpg → _108.jpg
2026-04-03 15:49:47 [INFO] [删除【】] 【moshimoshibe(@moshimoshibe)】_109.jpg → _109.jpg
2026-04-03 15:49:47 [INFO] [删除【】] 【moshimoshibe(@moshimoshibe)】_11.jpg → _11.jpg
2026-04-03 15:49:47 [INFO] [删除【】] 【moshimoshibe(@moshimoshibe)】_110.jpg → _110.jpg
2026-04-03 15:49:47 [INFO] [删除【】] 【moshimoshibe(@moshimoshibe)】_111.jpg → _111.jpg
2026-04-03 15:49:47 [INFO] [删除【】] 【moshimoshibe(@moshimoshibe)】_112.jpg → _112.jpg
2026-04-03 15:49:47 [INFO] [删除【】] 【moshimoshibe(@moshimoshibe)】_113.jpg → _113.jpg
2026-04-03 15:49:47 [INFO] [删除【】] 【moshimoshibe(@moshimoshibe)】_114.jpg → _114.jpg
2026-04-03 15:49:47 [INFO] [删除【】] 【moshimoshibe(@moshimoshibe)】_115.jpg → _115.jpg
2026-04-03 15:49:47 [INFO] [删除【】] 【moshimoshibe(@moshimoshibe)】_116.jpg → _116.jpg
2026-04-03 15:49:47 [INFO] [删除【】] 【moshimoshibe(@moshimoshibe)】_117.jpg → _117.jpg
2026-04-03 15:49:47 [INFO] [删除【】] 【moshimoshibe(@moshimoshibe)】_118.jpg → _118.jpg
2026-04-03 15:49:47 [INFO] [删除【】] 【moshimoshibe(@moshimoshibe)】_119.jpg → _119.jpg
2026-04-03 15:49:47 [INFO] [删除【】] 【moshimoshibe(@moshimoshibe)】_12.jpg → _12.jpg
2026-04-03 15:49:47 [INFO] [删除【】] 【moshimoshibe(@moshimoshibe)】_120.jpg → _120.jpg
2026-04-03 15:49:47 [INFO] [删除【】] 【moshimoshibe(@moshimoshibe)】_121.jpg → _121.jpg
2026-04-03 15:49:47 [INFO] [删除【】] 【moshimoshibe(@moshimoshibe)】_122.jpg → _122.jpg
2026-04-03 15:49:47 [INFO] [删除【】] 【moshimoshibe(@moshimoshibe)】_123.jpg → _123.jpg
2026-04-03 15:49:47 [INFO] [删除【】] 【moshimoshibe(@moshimoshibe)】_124.jpg → _124.jpg
2026-04-03 15:49:47 [INFO] [删除【】] 【moshimoshibe(@moshimoshibe)】_125.jpg → _125.jpg
2026-04-03 15:49:47 [INFO] [删除【】] 【moshimoshibe(@moshimoshibe)】_126.jpg → _126.jpg
2026-04-03 15:49:47 [INFO] [删除【】] 【moshimoshibe(@moshimoshibe)】_127.jpg → _127.jpg
2026-04-03 15:49:47 [INFO] [删除【】] 【moshimoshibe(@moshimoshibe)】_128.jpg → _128.jpg
2026-04-03 15:49:47 [INFO] [删除【】] 【moshimoshibe(@moshimoshibe)】_129.jpg → _129.jpg
2026-04-03 15:49:47 [INFO] [删除【】] 【moshimoshibe(@moshimoshibe)】_13.jpg → _13.jpg
2026-04-03 15:49:47 [INFO] [删除【】] 【moshimoshibe(@moshimoshibe)】_130.jpg → _130.jpg
2026-04-03 15:49:47 [INFO] [删除【】] 【moshimoshibe(@moshimoshibe)】_131.jpg → _131.jpg
2026-04-03 15:49:47 [INFO] [删除【】] 【moshimoshibe(@moshimoshibe)】_15.jpg → _15.jpg
2026-04-03 15:49:47 [INFO] [删除【】] 【moshimoshibe(@moshimoshibe)】_16.jpg → _16.jpg
2026-04-03 15:49:47 [INFO] [删除【】] 【moshimoshibe(@moshimoshibe)】_17.jpg → _17.jpg
2026-04-03 15:49:47 [INFO] [删除【】] 【moshimoshibe(@moshimoshibe)】_18.jpg → _18.jpg
2026-04-03 15:49:47 [INFO] [删除【】] 【moshimoshibe(@moshimoshibe)】_19.jpg → _19.jpg
2026-04-03 15:49:47 [INFO] [删除【】] 【moshimoshibe(@moshimoshibe)】_2.jpg → _2.jpg
2026-04-03 15:49:47 [INFO] [删除【】] 【moshimoshibe(@moshimoshibe)】_20.jpg → _20.jpg
2026-04-03 15:49:47 [INFO] [删除【】] 【moshimoshibe(@moshimoshibe)】_21.jpg → _21.jpg
2026-04-03 15:49:47 [INFO] [删除【】] 【moshimoshibe(@moshimoshibe)】_22.jpg → _22.jpg
2026-04-03 15:49:47 [INFO] [删除【】] 【moshimoshibe(@moshimoshibe)】_23.jpg → _23.jpg
2026-04-03 15:49:47 [INFO] [删除【】] 【moshimoshibe(@moshimoshibe)】_24.jpg → _24.jpg
2026-04-03 15:49:47 [INFO] [删除【】] 【moshimoshibe(@moshimoshibe)】_25.jpg → _25.jpg
2026-04-03 15:49:47 [INFO] [删除【】] 【moshimoshibe(@moshimoshibe)】_26.jpg → _26.jpg
2026-04-03 15:49:47 [INFO] [删除【】] 【moshimoshibe(@moshimoshibe)】_27.jpg → _27.jpg
2026-04-03 15:49:47 [INFO] [删除【】] 【moshimoshibe(@moshimoshibe)】_28.jpg → _28.jpg
2026-04-03 15:49:47 [INFO] [删除【】] 【moshimoshibe(@moshimoshibe)】_29.jpg → _29.jpg
2026-04-03 15:49:47 [INFO] [删除【】] 【moshimoshibe(@moshimoshibe)】_30.jpg → _30.jpg
2026-04-03 15:49:47 [INFO] [删除【】] 【moshimoshibe(@moshimoshibe)】_31.jpg → _31.jpg
2026-04-03 15:49:47 [INFO] [删除【】] 【moshimoshibe(@moshimoshibe)】_32.jpg → _32.jpg
2026-04-03 15:49:47 [INFO] [删除【】] 【moshimoshibe(@moshimoshibe)】_33.jpg → _33.jpg
2026-04-03 15:49:47 [INFO] [删除【】] 【moshimoshibe(@moshimoshibe)】_34.jpg → _34.jpg
2026-04-03 15:49:47 [INFO] [删除【】] 【moshimoshibe(@moshimoshibe)】_35.jpg → _35.jpg
2026-04-03 15:49:47 [INFO] [删除【】] 【moshimoshibe(@moshimoshibe)】_36.jpg → _36.jpg
2026-04-03 15:49:47 [INFO] [删除【】] 【moshimoshibe(@moshimoshibe)】_37.jpg → _37.jpg
2026-04-03 15:49:47 [INFO] [删除【】] 【moshimoshibe(@moshimoshibe)】_38.jpg → _38.jpg
2026-04-03 15:49:47 [INFO] [删除【】] 【moshimoshibe(@moshimoshibe)】_39.jpg → _39.jpg
2026-04-03 15:49:47 [INFO] [删除【】] 【moshimoshibe(@moshimoshibe)】_42.jpg → _42.jpg
2026-04-03 15:49:47 [INFO] [删除【】] 【moshimoshibe(@moshimoshibe)】_44.jpg → _44.jpg
2026-04-03 15:49:47 [INFO] [删除【】] 【moshimoshibe(@moshimoshibe)】_45.jpg → _45.jpg
2026-04-03 15:49:47 [INFO] [删除【】] 【moshimoshibe(@moshimoshibe)】_46.jpg → _46.jpg
2026-04-03 15:49:47 [INFO] [删除【】] 【moshimoshibe(@moshimoshibe)】_47.jpg → _47.jpg
2026-04-03 15:49:47 [INFO] [删除【】] 【moshimoshibe(@moshimoshibe)】_48.jpg → _48.jpg
2026-04-03 15:49:47 [INFO] [删除【】] 【moshimoshibe(@moshimoshibe)】_49.jpg → _49.jpg
2026-04-03 15:49:47 [INFO] [删除【】] 【moshimoshibe(@moshimoshibe)】_5.jpg → _5.jpg
2026-04-03 15:49:47 [INFO] [删除【】] 【moshimoshibe(@moshimoshibe)】_51.jpg → _51.jpg
2026-04-03 15:49:47 [INFO] [删除【】] 【moshimoshibe(@moshimoshibe)】_52.jpg → _52.jpg
2026-04-03 15:49:47 [INFO] [删除【】] 【moshimoshibe(@moshimoshibe)】_53.jpg → _53.jpg
2026-04-03 15:49:47 [INFO] [删除【】] 【moshimoshibe(@moshimoshibe)】_54.jpg → _54.jpg
2026-04-03 15:49:47 [INFO] [删除【】] 【moshimoshibe(@moshimoshibe)】_57.jpg → _57.jpg
2026-04-03 15:49:47 [INFO] [删除【】] 【moshimoshibe(@moshimoshibe)】_59.jpg → _59.jpg
2026-04-03 15:49:47 [INFO] [删除【】] 【moshimoshibe(@moshimoshibe)】_61.jpg → _61.jpg
2026-04-03 15:49:47 [INFO] [删除【】] 【moshimoshibe(@moshimoshibe)】_62.jpg → _62.jpg
2026-04-03 15:49:47 [INFO] [删除【】] 【moshimoshibe(@moshimoshibe)】_63.jpg → _63.jpg
2026-04-03 15:49:47 [INFO] [删除【】] 【moshimoshibe(@moshimoshibe)】_64.jpg → _64.jpg
2026-04-03 15:49:47 [INFO] [删除【】] 【moshimoshibe(@moshimoshibe)】_65.jpg → _65.jpg
2026-04-03 15:49:47 [INFO] [删除【】] 【moshimoshibe(@moshimoshibe)】_67.jpg → _67.jpg
2026-04-03 15:49:47 [INFO] [删除【】] 【moshimoshibe(@moshimoshibe)】_68.jpg → _68.jpg
2026-04-03 15:49:47 [INFO] [删除【】] 【moshimoshibe(@moshimoshibe)】_69.jpg → _69.jpg
2026-04-03 15:49:47 [INFO] [删除【】] 【moshimoshibe(@moshimoshibe)】_7.jpg → _7.jpg
2026-04-03 15:49:47 [INFO] [删除【】] 【moshimoshibe(@moshimoshibe)】_70.jpg → _70.jpg
2026-04-03 15:49:47 [INFO] [删除【】] 【moshimoshibe(@moshimoshibe)】_71.jpg → _71.jpg
2026-04-03 15:49:47 [INFO] [删除【】] 【moshimoshibe(@moshimoshibe)】_72.jpg → _72.jpg
2026-04-03 15:49:47 [INFO] [删除【】] 【moshimoshibe(@moshimoshibe)】_73.jpg → _73.jpg
2026-04-03 15:49:47 [INFO] [删除【】] 【moshimoshibe(@moshimoshibe)】_74.jpg → _74.jpg
2026-04-03 15:49:47 [INFO] [删除【】] 【moshimoshibe(@moshimoshibe)】_75.jpg → _75.jpg
2026-04-03 15:49:47 [INFO] [删除【】] 【moshimoshibe(@moshimoshibe)】_79.jpg → _79.jpg
2026-04-03 15:49:47 [INFO] [删除【】] 【moshimoshibe(@moshimoshibe)】_80.jpg → _80.jpg
2026-04-03 15:49:47 [INFO] [删除【】] 【moshimoshibe(@moshimoshibe)】_81.jpg → _81.jpg
2026-04-03 15:49:47 [INFO] [删除【】] 【moshimoshibe(@moshimoshibe)】_82.jpg → _82.jpg
2026-04-03 15:49:47 [INFO] [删除【】] 【moshimoshibe(@moshimoshibe)】_83.jpg → _83.jpg
2026-04-03 15:49:47 [INFO] [删除【】] 【moshimoshibe(@moshimoshibe)】_84.jpg → _84.jpg
2026-04-03 15:49:47 [INFO] [删除【】] 【moshimoshibe(@moshimoshibe)】_85.jpg → _85.jpg
2026-04-03 15:49:47 [INFO] [删除【】] 【moshimoshibe(@moshimoshibe)】_86.jpg → _86.jpg
2026-04-03 15:49:47 [INFO] [删除【】] 【moshimoshibe(@moshimoshibe)】_89.jpg → _89.jpg
2026-04-03 15:49:47 [INFO] [删除【】] 【moshimoshibe(@moshimoshibe)】_9.jpg → _9.jpg
2026-04-03 15:49:47 [INFO] [删除【】] 【moshimoshibe(@moshimoshibe)】_90.jpg → _90.jpg
2026-04-03 15:49:47 [INFO] [删除【】] 【moshimoshibe(@moshimoshibe)】_91.jpg → _91.jpg
2026-04-03 15:49:47 [INFO] [删除【】] 【moshimoshibe(@moshimoshibe)】_93.jpg → _93.jpg
2026-04-03 15:49:47 [INFO] [删除【】] 【moshimoshibe(@moshimoshibe)】_94.jpg → _94.jpg
2026-04-03 15:49:47 [INFO] [删除【】] 【moshimoshibe(@moshimoshibe)】_95.jpg → _95.jpg
2026-04-03 15:49:47 [INFO] [删除【】] 【moshimoshibe(@moshimoshibe)】_96.jpg → _96.jpg
2026-04-03 15:49:47 [INFO] [删除【】] 【moshimoshibe(@moshimoshibe)】_97.jpg → _97.jpg
2026-04-03 15:49:47 [INFO] [删除【】] 【moshimoshibe(@moshimoshibe)】_98.jpg → _98.jpg
2026-04-03 15:49:47 [INFO] [删除【】] 【moshimoshibe(@moshimoshibe)】_99.jpg → _99.jpg
2026-04-03 15:49:47 [INFO] [删除【】] 【moshimoshibe(@moshimoshibe)】四宫辉夜-01.jpg → 四宫辉夜-01.jpg
2026-04-03 15:49:47 [INFO] [删除【】] 【moshimoshibe(@moshimoshibe)】埃癸斯-01.jpg → 埃癸斯-01.jpg
2026-04-03 15:49:48 [INFO] [功能2-执行] 目录=E:/【留存】/图/【未分类】/待重命名/【moshimoshibe(@moshimoshibe)】  模式=delete  成功=110  失败=1
2026-04-03 15:49:48 [INFO] [功能2-预览] 目录=E:/【留存】/图/【未分类】/待重命名/【moshimoshibe(@moshimoshibe)】  模式=delete  总数=111  需改=1
2026-04-03 15:49:48 [INFO] 参数已保存: {'t1_dir': '', 't1_x': 2, 't2_dir': 'E:/【留存】/图/【未分类】/待重命名/【moshimoshibe(@moshimoshibe)】', 't2_only_changed': True, 'last_run': '2026-04-03 15:49:48', 't2_mode': 'delete', 't2_img_only': True, 't2_add_text': '', 't2_add_pos': 'head'}
